{
 "cell": 275,
 "status": {
  "1": "PASS",
  "2": "FAIL",
  "3": "FAIL",
  "5": "FAIL"
 },
 "B_cover_ratio": {
  "1": 0.9513086080125459,
  "2": 2.0627442744322786,
  "3": 3.1653710629555025,
  "5": 5.898014453006328
 },
 "dag_audit": {
  "mid": {
   "nodes": 78,
   "edges": 132,
   "distinct_edge_keys": 132,
   "duplicate_edges": 0,
   "derivative_edges": 110,
   "derivative_edges_all_cover": true,
   "charges": 0,
   "ownership_key": [
    "primitive_certificate",
    "propagation_path",
    "destination_quantity",
    "derivative_order"
   ]
  },
  "cell": {
   "nodes": 78,
   "edges": 132,
   "distinct_edge_keys": 132,
   "duplicate_edges": 0,
   "derivative_edges": 110,
   "derivative_edges_all_cover": true,
   "charges": 0,
   "ownership_key": [
    "primitive_certificate",
    "propagation_path",
    "destination_quantity",
    "derivative_order"
   ]
  }
 },
 "sha": "1914a5cea8d4a6cc3e3efbc22cc4dfdc3de61fc89d38fefff47abb9f1485a1ed"
}
