{
 "cell": 313,
 "status": {
  "1": "FAIL",
  "2": "FAIL",
  "3": "FAIL",
  "5": "FAIL"
 },
 "B_cover_ratio": {
  "1": 33.42396845282487,
  "2": 1084.4565211735496,
  "3": 1595.3938353826836,
  "5": 2174.4703604638817
 },
 "dag_audit": {
  "mid": {
   "nodes": 78,
   "edges": 132,
   "distinct_edge_keys": 132,
   "duplicate_edges": 0,
   "derivative_edges": 110,
   "derivative_edges_all_cover": true,
   "charges": 0,
   "ownership_key": [
    "primitive_certificate",
    "propagation_path",
    "destination_quantity",
    "derivative_order"
   ]
  },
  "cell": {
   "nodes": 78,
   "edges": 132,
   "distinct_edge_keys": 132,
   "duplicate_edges": 0,
   "derivative_edges": 110,
   "derivative_edges_all_cover": true,
   "charges": 0,
   "ownership_key": [
    "primitive_certificate",
    "propagation_path",
    "destination_quantity",
    "derivative_order"
   ]
  }
 },
 "sha": "bb7f08cd291b402c6b576a20bf25018dd4b289bccf0241e58ae61b0f8d97d090"
}
