{
 "cell": 0,
 "status": {
  "1": "PASS",
  "2": "PASS",
  "3": "PASS",
  "5": "PASS"
 },
 "B_cover_ratio": {
  "1": 0.09100854237915014,
  "2": 0.07676241233302124,
  "3": 0.06872820118380756,
  "5": 0.05846836489012685
 },
 "dag_audit": {
  "mid": {
   "nodes": 78,
   "edges": 132,
   "distinct_edge_keys": 132,
   "duplicate_edges": 0,
   "derivative_edges": 110,
   "derivative_edges_all_cover": true,
   "charges": 0,
   "ownership_key": [
    "primitive_certificate",
    "propagation_path",
    "destination_quantity",
    "derivative_order"
   ]
  },
  "cell": {
   "nodes": 78,
   "edges": 132,
   "distinct_edge_keys": 132,
   "duplicate_edges": 0,
   "derivative_edges": 110,
   "derivative_edges_all_cover": true,
   "charges": 0,
   "ownership_key": [
    "primitive_certificate",
    "propagation_path",
    "destination_quantity",
    "derivative_order"
   ]
  }
 },
 "sha": "9d7d83c722184a722fc2f6f462d0958bd7d8259fd1c60b31a93fa13b7b446795"
}
