{
 "cell": 250,
 "status": {
  "1": "PASS",
  "2": "PASS",
  "3": "PASS",
  "5": "PASS"
 },
 "B_cover_ratio": {
  "1": 0.21265213527548013,
  "2": 0.3110528649950572,
  "3": 0.4072766941977524,
  "5": 0.6494607456057995
 },
 "dag_audit": {
  "mid": {
   "nodes": 78,
   "edges": 132,
   "distinct_edge_keys": 132,
   "duplicate_edges": 0,
   "derivative_edges": 110,
   "derivative_edges_all_cover": true,
   "charges": 0,
   "ownership_key": [
    "primitive_certificate",
    "propagation_path",
    "destination_quantity",
    "derivative_order"
   ]
  },
  "cell": {
   "nodes": 78,
   "edges": 132,
   "distinct_edge_keys": 132,
   "duplicate_edges": 0,
   "derivative_edges": 110,
   "derivative_edges_all_cover": true,
   "charges": 0,
   "ownership_key": [
    "primitive_certificate",
    "propagation_path",
    "destination_quantity",
    "derivative_order"
   ]
  }
 },
 "sha": "50cd39cd0b0cc34639d2d8fada0e08dbe40588b9004f609b2db2e46536183f31"
}
