{
 "cell": 150,
 "status": {
  "1": "PASS",
  "2": "PASS",
  "3": "PASS",
  "5": "PASS"
 },
 "B_cover_ratio": {
  "1": 0.07584594592103847,
  "2": 0.060106736369667776,
  "3": 0.05203706164147712,
  "5": 0.04256754289359471
 },
 "dag_audit": {
  "mid": {
   "nodes": 78,
   "edges": 132,
   "distinct_edge_keys": 132,
   "duplicate_edges": 0,
   "derivative_edges": 110,
   "derivative_edges_all_cover": true,
   "charges": 0,
   "ownership_key": [
    "primitive_certificate",
    "propagation_path",
    "destination_quantity",
    "derivative_order"
   ]
  },
  "cell": {
   "nodes": 78,
   "edges": 132,
   "distinct_edge_keys": 132,
   "duplicate_edges": 0,
   "derivative_edges": 110,
   "derivative_edges_all_cover": true,
   "charges": 0,
   "ownership_key": [
    "primitive_certificate",
    "propagation_path",
    "destination_quantity",
    "derivative_order"
   ]
  }
 },
 "sha": "1c48cc9624e2cf2ba7226dc8e3fb78237a917a514e9fb700524f8950a6e78d97"
}
