{
 "cell": 315,
 "status": {
  "1": "PASS",
  "2": "FAIL",
  "3": "FAIL",
  "5": "FAIL"
 },
 "B_cover_ratio": {
  "1": 0.30057677126997207,
  "2": 9.5281608729581,
  "3": 13.252310168671336,
  "5": 16.427817982093547
 },
 "dag_audit": {
  "mid": {
   "nodes": 78,
   "edges": 132,
   "distinct_edge_keys": 132,
   "duplicate_edges": 0,
   "derivative_edges": 110,
   "derivative_edges_all_cover": true,
   "charges": 0,
   "ownership_key": [
    "primitive_certificate",
    "propagation_path",
    "destination_quantity",
    "derivative_order"
   ]
  },
  "cell": {
   "nodes": 78,
   "edges": 132,
   "distinct_edge_keys": 132,
   "duplicate_edges": 0,
   "derivative_edges": 110,
   "derivative_edges_all_cover": true,
   "charges": 0,
   "ownership_key": [
    "primitive_certificate",
    "propagation_path",
    "destination_quantity",
    "derivative_order"
   ]
  }
 },
 "sha": "446e85b6527bf5df2682ee67bc0b8fec2f9e47f894d4e39d91e7dbf12b171644"
}
