{
 "level": "USEFUL",
 "smallest_dominating_scale": "1.6",
 "uncovered_front_cells": [],
 "forecast_coverage_at_smallest_dominating_scale": {
  "1": 0.7213,
  "2": 0.6866,
  "3": 0.6889,
  "5": 0.6812
 },
 "certified_constants_front_range": {
  "Abar": [
   371.29308919065875,
   500.94957815767435
  ],
  "C_T": [
   19.072344460041474,
   19.397756053483292
  ],
  "tau": [
   8.154751652733626,
   8.39964287086328
  ],
  "D_lo": [
   0.012276157923805268,
   0.017832223222113176
  ],
  "D1": [
   0.04450390093441349,
   0.21539592126309962
  ],
  "D2": [
   4.280794524021446,
   8.916084320271251
  ]
 },
 "improvement_over_generic_stack": {
  "A0": [
   1.3843101033497363,
   2.3494823264743725
  ],
  "A1": [
   20.601764490905946,
   117.09381039111886
  ],
  "A2": [
   280.31519035773596,
   4288.434644144657
  ]
 }
}
