{
 "per_m": {
  "1": {
   "pass_ranges": [
    [
     0,
     10
    ],
    [
     36,
     309
    ]
   ],
   "open_ranges": [
    [
     11,
     35
    ]
   ],
   "pass_ranges_equal_sealed": true,
   "open_ranges_equal_sealed": true
  },
  "2": {
   "pass_ranges": [
    [
     0,
     10
    ],
    [
     42,
     309
    ]
   ],
   "open_ranges": [
    [
     11,
     41
    ]
   ],
   "pass_ranges_equal_sealed": true,
   "open_ranges_equal_sealed": true
  },
  "3": {
   "pass_ranges": [
    [
     0,
     10
    ],
    [
     43,
     309
    ]
   ],
   "open_ranges": [
    [
     11,
     42
    ]
   ],
   "pass_ranges_equal_sealed": true,
   "open_ranges_equal_sealed": true
  },
  "5": {
   "pass_ranges": [
    [
     0,
     10
    ],
    [
     45,
     304
    ]
   ],
   "open_ranges": [
    [
     11,
     44
    ],
    [
     305,
     309
    ]
   ],
   "pass_ranges_equal_sealed": true,
   "open_ranges_equal_sealed": true
  }
 },
 "compare": {
  "1": {
   "mismatches": [],
   "n_mismatch": 0,
   "max_rel": 0.0
  },
  "2": {
   "mismatches": [],
   "n_mismatch": 0,
   "max_rel": 0.0
  },
  "3": {
   "mismatches": [],
   "n_mismatch": 0,
   "max_rel": 0.0
  },
  "5": {
   "mismatches": [],
   "n_mismatch": 0,
   "max_rel": 0.0
  }
 },
 "replay": {
  "1": true,
  "2": true,
  "3": true,
  "5": true
 }
}
