{
 "Q_PASS": true,
 "MUTATION_PASS": true,
 "mutants_detected": {
  "M01_drop_perron_channel": 37,
  "M02_omit_normalization_D": 47,
  "M03_orthogonal_projection": 46,
  "M04_ignore_moving_projection": 27,
  "M05_midpoint_eigen_as_exact": 23,
  "M06_gap_without_conditioning": 46,
  "M09_wrong_complement_norm": 5,
  "M11_half_second_order": 17,
  "M08_point_certificate_as_whole_cell": 72,
  "M12_drop_source_error": 8,
  "M13_drop_factor_two": 16,
  "M14_drop_order0_in_derivative": 20,
  "M17_r0_reads_candidate_source_node": 8,
  "M19_point_constants_as_cell_constants": 48,
  "M10_suppress_new_radius": 114,
  "M15_coefficient_one": 117,
  "M18_wrong_recorded_radius": 200
 },
 "refusals": {
  "Dlo_nonpositive": true,
  "tau_below_one": true,
  "C_below_tau": true,
  "Abar_below_one": true,
  "uncovered_cell_returns_none": true,
  "adjacent_block_not_used_r2": true,
  "harness_closed_class_no_resolvent": true,
  "block_reuse_outside_cover_refused": true,
  "taboo_value_below_ARL_on_every_family": true
 }
}
violations: []
