{"seed": "2e9b1585ec6f56b4a347d2aa00287b37cc3e1dd2", "blocks": [0, 1, 9], "cells": [11, 12, 24, 38, 40, 41, 80, 104, 132, 133, 144, 148], "n": 27}
taboo_block_00.json True True True 91.3
taboo_block_01.json True True True 91.1
taboo_block_09.json True True True 89.8
arl_cell_011.json True True True 58.2
taboo_cell_011.json True True True 99.3
arl_cell_012.json True True True 58.2
taboo_cell_012.json True True True 98.3
arl_cell_024.json True True True 58.7
taboo_cell_024.json True True True 97.0
arl_cell_038.json True True True 58.7
taboo_cell_038.json True True True 98.8
arl_cell_040.json True True True 57.4
taboo_cell_040.json True True True 97.8
arl_cell_041.json True True True 58.6
taboo_cell_041.json True True True 99.0
arl_cell_080.json True True True 58.3
taboo_cell_080.json True True True 98.0
arl_cell_104.json True True True 59.2
taboo_cell_104.json True True True 97.9
arl_cell_132.json True True True 58.4
taboo_cell_132.json True True True 97.1
arl_cell_133.json True True True 57.1
taboo_cell_133.json True True True 97.7
arl_cell_144.json True True True 57.0
taboo_cell_144.json True True True 97.1
arl_cell_148.json True True True 57.4
taboo_cell_148.json True True True 97.0
SUMMARY True True True
