{"cell": 10, "cell_inputs_cpu_s": 0.9774147099999999, "patches": {"0,0": {"cpu_s": 48.536983208, "n_z": 35, "contract_evaluations": 3570, "cache_misses": 35, "cache_hits": 0}, "24,20": {"cpu_s": 38.573029625, "n_z": 24, "contract_evaluations": 2448, "cache_misses": 24, "cache_hits": 0}, "63,54": {"cpu_s": 21.894842247, "n_z": 6, "contract_evaluations": 612, "cache_misses": 6, "cache_hits": 0}}}
    42.58     42.58       612 sr_o9_endpoint_strips.py:132:contract
    32.64     32.64      6630 packet.py:111:contract_O9
    25.55     26.58      2238 harness.py:220:__mul__
     2.15      2.15     11480 harness.py:197:mag
     1.39      1.42     36633 harness.py:212:__add__
     0.91      0.95     36923 harness.py:206:scaled
     0.78      0.79       195 sr_o9_endpoint_strips.py:60:__init__
     0.70      3.13       135 sr_o9_patch_certifier.py:184:candidate_on_patch
     0.56     60.48         3 sr_o9_patch_certifier.py:114:contract_all
     0.41      0.41       260 packet.py:98:build_Rbig
     0.37      0.46      1530 sr_o9_candidates.py:555:dct
     0.26      0.26        65 opt_backend.py:92:__init__
     0.22     28.15        71 opt_backend.py:56:__init__
     0.19      0.19      1156 ~:0:<built-in method numpy._core._multiarray_umath.c_einsum>
     0.16      0.17       189 sr_o9_patch_certifier.py:228:assemble
     0.08      0.08    442170 ~:0:<built-in method math.cos>
     0.06     26.93       148 harness.py:284:cheb_tm2
     0.06      0.08     75794 harness.py:194:copy_with
     0.06    109.00         3 t3_patch.py:63:core
     0.04      0.15     41183 fractions.py:613:forward
     0.03      0.04     26348 fractions.py:186:__new__
     0.03      0.04     44879 fractions.py:317:_from_coprime_ints
     0.03      0.29      2226 harness.py:217:__sub__
     0.03      2.43         6 sr_o9_endpoint_strips.py:96:__init__
     0.02      0.07       578 sr_o9_candidates.py:422:bary
     0.02      0.02     78397 harness.py:180:__init__
     0.02      0.02      5590 sr_local.py:63:phi
     0.02      0.04     17515 fractions.py:742:_mul
     0.02      0.41         1 sr_o9_candidates.py:414:__init__
     0.02      0.02      2603 harness.py:185:zero
