{"cell": 360, "cell_inputs_cpu_s": 0.485423092, "patches": {"0,0": {"cpu_s": 20.961435986999998, "n_z": 35, "contract_evaluations": 3570, "cache_misses": 35, "cache_hits": 0}, "24,20": {"cpu_s": 16.596727472999998, "n_z": 24, "contract_evaluations": 2448, "cache_misses": 24, "cache_hits": 0}, "63,54": {"cpu_s": 9.492180663000006, "n_z": 6, "contract_evaluations": 612, "cache_misses": 6, "cache_hits": 0}}}
    18.65     18.65       612 sr_o9_endpoint_strips.py:132:contract
    14.17     14.17      6630 packet.py:111:contract_O9
    10.67     11.10      2238 harness.py:220:__mul__
     0.90      0.90     11480 harness.py:197:mag
     0.47      0.48     25194 harness.py:212:__add__
     0.39      0.39       195 sr_o9_endpoint_strips.py:60:__init__
     0.35      0.36     25484 harness.py:206:scaled
     0.30     26.05         3 sr_o9_patch_certifier.py:114:contract_all
     0.30      1.15       135 sr_o9_patch_certifier.py:184:candidate_on_patch
     0.19      0.19       260 packet.py:98:build_Rbig
     0.16      0.20      1530 sr_o9_candidates.py:555:dct
     0.13      0.13        65 opt_backend.py:92:__init__
     0.11      0.11      1156 ~:0:<built-in method numpy._core._multiarray_umath.c_einsum>
     0.10     11.83        71 opt_backend.py:56:__init__
     0.07      0.08       189 sr_o9_patch_certifier.py:228:assemble
     0.04      0.04    442170 ~:0:<built-in method math.cos>
     0.04     11.28       148 harness.py:284:cheb_tm2
     0.03     47.05         3 t3_patch.py:63:core
     0.02      0.03     52916 harness.py:194:copy_with
     0.02      0.08     41183 fractions.py:613:forward
     0.02      0.14      2226 harness.py:217:__sub__
     0.02      0.02     26348 fractions.py:186:__new__
     0.01      0.02     44879 fractions.py:317:_from_coprime_ints
     0.01      0.04       578 sr_o9_candidates.py:422:bary
     0.01      1.01         6 sr_o9_endpoint_strips.py:96:__init__
     0.01      0.23         1 sr_o9_candidates.py:414:__init__
     0.01      0.02     17515 fractions.py:742:_mul
     0.01      0.01        15 _linalg.py:374:solve
     0.01      0.02     17500 fractions.py:710:_add
     0.01      0.01      2603 harness.py:185:zero
