  40/168 evaluated 68 185s
  80/168 evaluated 108 292s
  120/168 evaluated 152 404s
  160/168 evaluated 192 502s
{
 "label": "LOW4",
 "block": [
  "1",
  "5108337/5000000"
 ],
 "nsub": 4,
 "n": 8,
 "lam": [
  9.236328233814289e-06,
  3.638289324102177e-05,
  0.0004968856813260629
 ],
 "leaves": 192,
 "evaluated": 200,
 "unmet": 0,
 "worst": [
  {
   "band": 1,
   "s": [
    "7/4",
    "2"
   ],
   "e": [
    "1",
    "5108337/5000000"
   ],
   "theta": [
    "3/4",
    "1"
   ]
  },
  {
   "band": 1,
   "s": [
    "7/4",
    "2"
   ],
   "e": [
    "1",
    "5108337/5000000"
   ],
   "theta": [
    "3/4",
    "1"
   ]
  },
  {
   "band": 3,
   "s": [
    "15/4",
    "4"
   ],
   "e": [
    "1",
    "5108337/5000000"
   ],
   "theta": [
    "-1",
    "-7/8"
   ]
  }
 ],
 "err_D1_sizing": 0.000596118528931691,
 "err_D2_sizing": 0.010351887491186642,
 "atom": [
  0.6478360702534727,
  0.5359674476695475,
  -0.8388752851854464,
  2.024895878698371
 ],
 "proposal_seconds": 1.9110040664672852,
 "discrete_residual": [
  6.14936315492578e-07,
  4.8719666623552385e-06,
  1.010747971497139e-05,
  0.0001325023295056793
 ],
 "seconds": 510.7349410057068
}
