    boxes evaluated 50, leaves 41, queue 58, lam ~ [0.00079185527072066, 0.0026759359159508164, 0.00913265137568072], 133s
    boxes evaluated 100, leaves 81, queue 48, lam ~ [0.00079185527072066, 0.0026759359159508164, 0.00913265137568072], 273s
    boxes evaluated 150, leaves 121, queue 38, lam ~ [0.00079185527072066, 0.0026759359159508164, 0.00913265137568072], 413s
    boxes evaluated 200, leaves 161, queue 28, lam ~ [0.00079185527072066, 0.0026759359159508164, 0.00913265137568072], 533s
    boxes evaluated 250, leaves 201, queue 18, lam ~ [0.00079185527072066, 0.0026759359159508164, 0.00913265137568072], 637s
    boxes evaluated 300, leaves 241, queue 8, lam ~ [0.00079185527072066, 0.0026759359159508164, 0.00913265137568072], 705s
{
 "lam": [
  0.00079185527072066,
  0.0026759359159508164,
  0.00913265137568072
 ],
 "err_D1_sizing": 0.04806691747954324,
 "err_D2_sizing": 0.6247122565718293,
 "cover": {
  "leaves": 264,
  "boxes_evaluated": 328,
  "leaves_over_tolerance": 232,
  "worst_box": [
   {
    "band": 3,
    "s": [
     "31/8",
     "4"
    ],
    "e": [
     "5/2",
     "3233337/1250000"
    ],
    "theta": [
     "1/4",
     "1/2"
    ]
   },
   {
    "band": 3,
    "s": [
     "31/8",
     "4"
    ],
    "e": [
     "5/2",
     "3233337/1250000"
    ],
    "theta": [
     "3/4",
     "1"
    ]
   },
   {
    "band": 3,
    "s": [
     "31/8",
     "4"
    ],
    "e": [
     "5/2",
     "3233337/1250000"
    ],
    "theta": [
     "3/4",
     "1"
    ]
   }
  ]
 },
 "atom": [
  0.9800971805876881,
  0.04810841327688875,
  -0.09970661011599424,
  0.16387381083314412
 ],
 "float": {
  "discrete_residual": [
   1.0934797511907846e-09,
   8.74022716560504e-09,
   3.962328249534908e-08,
   3.017645242411925e-07
  ],
  "nodes": 496,
  "unknowns": 198,
  "seconds": 1.1655380725860596
 },
 "seconds": 738.0129058361053
}
