    boxes evaluated 50, leaves 50, queue 118, lam ~ [2.5674250810038676e-06, 9.459443541002158e-06, 3.584608947000458e-05], 272s
    boxes evaluated 100, leaves 100, queue 68, lam ~ [3.6597826714289943e-06, 1.2839630942436084e-05, 5.737601369313578e-05], 596s
    boxes evaluated 150, leaves 150, queue 18, lam ~ [7.451317563709508e-06, 2.6357792079140892e-05, 0.00018918340987299556], 918s
{
 "block": "NT",
 "lam": [
  9.142619952282815e-06,
  3.573784463879886e-05,
  0.00027798962761847376
 ],
 "err_D1_sizing": 0.0005881782663876099,
 "err_D2_sizing": 0.008759536078167523,
 "cover": {
  "leaves": 171,
  "boxes_evaluated": 172,
  "leaves_over_tolerance": 0,
  "worst_box": [
   {
    "band": 0,
    "s": [
     "3/4",
     "1"
    ],
    "e": [
     "5/2",
     "3233337/1250000"
    ],
    "theta": [
     "-1/2",
     "0"
    ]
   },
   {
    "band": 0,
    "s": [
     "3/4",
     "1"
    ],
    "e": [
     "5/2",
     "3233337/1250000"
    ],
    "theta": [
     "-1/2",
     "0"
    ]
   },
   {
    "band": 0,
    "s": [
     "3/4",
     "1"
    ],
    "e": [
     "5/2",
     "3233337/1250000"
    ],
    "theta": [
     "1/2",
     "1"
    ]
   }
  ]
 },
 "atom": [
  0.9800971805876881,
  0.04810841327688875,
  -0.09970661011599424,
  0.16387381083314412
 ],
 "float_discrete_residual": [
  1.0934797511907846e-09,
  8.74022716560504e-09,
  3.962328249534908e-08,
  3.017645242411925e-07
 ],
 "seconds": 1037.9165260791779
}
