{
 "ops": {
  "ops_source_manifest": "8b2f40fe90c311db24712f7df1385183e861fe9b8585bad19ff778a1e1b02ea4"
 },
 "parent": {
  "production_authorization_sha256": "fc7cb93465916c3a7842066701b0e11fb6799bfdfc7fff55073a3f6e4cfc03ef",
  "shard_manifest_sha256": "6450aff37d975a308f5fba5c799ab1163f6f2ab9e678312b53f0ec686b1c9e9c",
  "protocol_sha256": "890cf5365fbec0dd9649c4b91d24ff5c30853d48e5b11fc8a01cde82cc4f1162",
  "production_closure_sha256": "90fc16fcf0ef174d2f73574e62111f5aa090bd1cafefaade32776a6d08be8779",
  "runtime_policy": {
   "exclude_file": "/home/ubuntu/work/ReBaseGuard-ps1-prod/.git/info/exclude",
   "block_sha256": "573c34c758448da7f725e2bb404dfd0c3f00bc2c48ac8373ac00001c258e16b1",
   "positive_probes": 6,
   "negative_probes": 15,
   "ignored_by_established_tracked_policy_classifier_guarded": [
    "production/PRODUCTION_LEDGER.json.bak <- .gitignore:61:*.bak",
    "production/cells/0000.json.bak <- .gitignore:61:*.bak"
   ]
  }
 }
}
