{
 "role": "AWS",
 "phase": "NOT_STARTED",
 "contract_sha256": "977670a9d7e2bce80477037d1ccbb145be50508ccb24706ffbd045a805387066",
 "campaign_lock": "FREE",
 "owner": null,
 "owned": 369,
 "completed": 0,
 "pending": 369,
 "remote_completed": 0,
 "open_reservations": [],
 "committed_cpu_h_by_role": {},
 "charged_cpu_h": null,
 "cap_cpu_h": 6600.0,
 "headroom_cpu_h": null,
 "cap_refusal": null,
 "runs": 0,
 "unsettled_runs": [],
 "settlements": 0,
 "torn_attempts": {},
 "halt": null,
 "heartbeat_age_s": null
}
