test_torn_then_clean (__main__.Accounting.test_torn_then_clean) ... ok
test_no_genuine_production_state (__main__.Firewall.test_no_genuine_production_state) ... ok
test_vultr_not_admitted_under_topology_A (__main__.Firewall.test_vultr_not_admitted_under_topology_A) ... ok
test_authorization_and_executor_identity (__main__.Identity.test_authorization_and_executor_identity) ... ok
test_multihost_regenerates (__main__.Identity.test_multihost_regenerates) ... ok
test_release_sites_exactly_once (__main__.Identity.test_release_sites_exactly_once) ... ok
test_reused_modules_byte_identical (__main__.Identity.test_reused_modules_byte_identical) ... ok
test_shard_manifest_deterministic_and_exact (__main__.Identity.test_shard_manifest_deterministic_and_exact) ... ok
test_file_protocol_json_only_affinity_and_worker_loss (__main__.Pool.test_file_protocol_json_only_affinity_and_worker_loss) ... /home/ubuntu/work/ReBaseGuard-ps1-prod/level4/closure_proofs/p5y_k1_ps1_production/driver/production_launcher.py:215: ResourceWarning: unclosed file <_io.BufferedWriter name='/tmp/tmpayhp91ip/work/t1/slot_00/worker.log'>
  log = open(d / "worker.log", "ab")
ResourceWarning: Enable tracemalloc to get the object allocation traceback
/home/ubuntu/work/ReBaseGuard-ps1-prod/level4/closure_proofs/p5y_k1_ps1_production/tests/test_ps1_production.py:89: ResourceWarning: unclosed file <_io.BufferedWriter name='/tmp/tmpayhp91ip/work/t1/slot_01/worker.log'>
  pool = PL.Pool(a, "AWS", Path(tmp) / "work", "t1")
ResourceWarning: Enable tracemalloc to get the object allocation traceback
ok
test_accepts_real_and_rejects_tamper (__main__.RealEvidence.test_accepts_real_and_rejects_tamper) ... ok
test_certified_controls_identical_and_28_of_28 (__main__.RealEvidence.test_certified_controls_identical_and_28_of_28) ... ok
test_fresh_interpreter_precision_256_and_runtime_hash (__main__.RuntimeContract.test_fresh_interpreter_precision_256_and_runtime_hash) ... ok

----------------------------------------------------------------------
Ran 12 tests in 4.021s

OK
