20:29:21 C11RD execution started at HEAD 4b716d43ce8c48fb52dd320b91c33d2379cce410; the execution is now consumed
20:29:21   sub-block 1/4: proposal
20:29:22   sub-block 1: cover (1s proposal)
20:30:09     initial boxes 20/168, boxes evaluated 20, 48s
20:30:54     initial boxes 40/168, boxes evaluated 44, 92s
20:31:51     initial boxes 60/168, boxes evaluated 64, 150s
20:32:55     initial boxes 80/168, boxes evaluated 84, 214s
20:33:48     initial boxes 100/168, boxes evaluated 104, 267s
20:34:46     initial boxes 120/168, boxes evaluated 124, 325s
20:35:35     initial boxes 140/168, boxes evaluated 144, 374s
20:36:13     initial boxes 160/168, boxes evaluated 164, 412s
20:36:20     initial boxes 168/168, boxes evaluated 172, 419s
20:36:20   sub-block 2/4: proposal
20:36:22   sub-block 2: cover (2s proposal)
20:37:19     initial boxes 20/168, boxes evaluated 20, 478s
20:38:05     initial boxes 40/168, boxes evaluated 44, 524s
20:38:50     initial boxes 60/168, boxes evaluated 64, 569s
20:39:35     initial boxes 80/168, boxes evaluated 84, 614s
20:40:20     initial boxes 100/168, boxes evaluated 104, 659s
20:41:06     initial boxes 120/168, boxes evaluated 124, 705s
20:41:47     initial boxes 140/168, boxes evaluated 144, 746s
20:42:27     initial boxes 160/168, boxes evaluated 164, 786s
20:42:33     initial boxes 168/168, boxes evaluated 172, 792s
20:42:33   sub-block 3/4: proposal
20:42:35   sub-block 3: cover (2s proposal)
20:43:32     initial boxes 20/168, boxes evaluated 20, 851s
20:44:21     initial boxes 40/168, boxes evaluated 44, 900s
20:45:06     initial boxes 60/168, boxes evaluated 64, 945s
20:45:52     initial boxes 80/168, boxes evaluated 84, 991s
20:46:36     initial boxes 100/168, boxes evaluated 104, 1035s
20:47:19     initial boxes 120/168, boxes evaluated 124, 1078s
20:48:00     initial boxes 140/168, boxes evaluated 144, 1118s
20:48:37     initial boxes 160/168, boxes evaluated 164, 1156s
20:48:45     initial boxes 168/168, boxes evaluated 172, 1164s
20:48:45   sub-block 4/4: proposal
20:48:47   sub-block 4: cover (2s proposal)
20:49:44     initial boxes 20/168, boxes evaluated 20, 1223s
20:50:33     initial boxes 40/168, boxes evaluated 44, 1272s
20:51:19     initial boxes 60/168, boxes evaluated 64, 1318s
20:52:06     initial boxes 80/168, boxes evaluated 84, 1365s
20:52:52     initial boxes 100/168, boxes evaluated 104, 1411s
20:53:34     initial boxes 120/168, boxes evaluated 124, 1453s
20:54:15     initial boxes 140/168, boxes evaluated 144, 1494s
20:54:54     initial boxes 160/168, boxes evaluated 164, 1533s
20:55:01     initial boxes 168/168, boxes evaluated 172, 1540s
20:55:01 runs artifact written (CERTIFIED); seal it BEFORE any interpretation
