========================================================================
DRAIN: PASS
    PASS  foreign_legacy_drain_did_not_stop_admission
    PASS  prodctl_drain_honoured_and_settled
    PASS  drain_flag_is_generation_flag
    PASS  drain_stopped_admission
    PASS  no_torn_from_drain
    PASS  zero_open_reservations_after_drain
    PASS  stale_drain_flag_refuses_restart
    PASS  clear_drain_archives_flag
    PASS  resume_after_drain_completes_all
    PASS  no_duplicate_seal
    PASS  final_lock_free_no_reservations
    PASS  decoy_legacy_root_untouched
    PASS  markers_under_generation_evidence_root
    detail: {"before": [0, 1, 4, 5], "after": [0, 1, 2, 4, 5, 6], "final": [0, 1, 2, 3, 4, 5, 6, 7, 8, 9, 10, 11, 12, 13, 14, 15, 16, 17, 18, 19, 20, 21, 22, 23], "start": "rbg-iso-drain-aws-20260913T052704Z-e5c2c84b.service", "torn": {}, "decoy": []}
========================================================================
SIGTERM: PASS
    PASS  stop_sent
    PASS  run_ended_on_sigterm
    PASS  every_durable_marker_finalized
    PASS  sealed_before_stop_preserved
    PASS  settled_no_open_reservations
    PASS  not_halted
    PASS  tears_bounded
    PASS  restart_completes_all
    PASS  no_duplicate_seal
    PASS  final_lock_free
    PASS  decoy_legacy_root_untouched
    PASS  markers_under_generation_evidence_root
    detail: {"before": [0, 4], "mid": [0, 4], "markers_mid": [0, 4], "reason": "CHILD_EXIT_-15", "recon": null, "torn": {"1": 1, "2": 1, "3": 1, "5": 1, "6": 1, "7": 1}, "final": [0, 1, 2, 3, 4, 5, 6, 7]}
========================================================================
SIGKILL_AFTER_MARKER: PASS
    PASS  launcher_sigkilled
    PASS  cell0_finalized
    PASS  cell1_finalized_from_durable_marker
    PASS  reconciliation_scanned_generation_root
    PASS  cells_2_3_not_finalized
    PASS  no_torn_for_finalized
    PASS  lock_free_zero_reservations
    PASS  decoy_legacy_root_untouched
    PASS  markers_under_generation_evidence_root
    detail: {"after": [0, 1], "recon": {"finalized": [1], "marker_roots": ["/root/work/postk1-runs/laneA_r2/work/SIGKILL_AFTER_MARKER/runtime-AWS/evidence", "/root/work/postk1-runs/laneA_r2/work/SIGKILL_AFTER_MARKER/legacy-gen1-runtime/evidence"], "no_marker": [2, 3], "rejected": [], "scanned": 2, "skipped_already_committed": []}, "reason": "CHILD_EXIT_-9"}
========================================================================
SIGKILL_BEFORE_MARKER: PASS
    PASS  cell0_finalized
    PASS  cell1_not_finalized_without_marker
    PASS  no_false_finalization
    PASS  lock_free_zero_reservations
    PASS  decoy_legacy_root_untouched
    detail: {"after": [0], "torn": {"1": 1, "2": 1, "3": 1}}
========================================================================
WORKER_LOSS: PASS
    PASS  worker_loss_detected
    PASS  cells_0_1_finalized
    PASS  cell_2_torn_not_finalized
    PASS  not_halted_retry_eligible
    PASS  restart_completes_all
    PASS  no_duplicate_seal
    PASS  final_lock_free
    PASS  decoy_legacy_root_untouched
    PASS  markers_under_generation_evidence_root
    detail: {"reason": "CHILD_EXIT_1", "mid": [0, 1], "torn": {"2": 1, "3": 1}, "final": [0, 1, 2, 3], "final_torn": {"2": 1, "3": 1}}
========================================================================
SUPERVISOR_RESTART: PASS
    PASS  supervisor_killed_run_left_unsettled
    PASS  stale_reservations_visible
    PASS  campaign_lock_not_stale
    PASS  restart_settles_with_persisted_evidence
    PASS  durable_markers_of_killed_run_finalized_or_absent
    PASS  prestart_reconciliation_recorded
    PASS  restart_completes_all
    PASS  no_duplicate_seal
    PASS  no_halt
    PASS  final_lock_free_no_reservations
    PASS  decoy_legacy_root_untouched
    PASS  markers_under_generation_evidence_root
    detail: {"before": [0, 4], "sealed_at_kill": [0, 4], "markers": [0, 4], "stale": {"phase": "INTERRUPTED_RECOVERY_PENDING", "unsettled_runs": ["20260913T052928Z-8210db14"], "open_reservations": ["AWS:1", "AWS:2", "AWS:3", "AWS:5", "AWS:6", "AWS:7", "OPS:SHADOW:20260913T052928Z-8210db14"]}, "settlements": ["JOURNAL", "SUPERVISOR_FINAL"], "killed_runs": 1, "prestart_recon": {"20260913T052928Z-8210db14": {"finalized": [], "marker_roots": ["/root/work/postk1-runs/laneA_r2/work/SUPERVISOR_RESTART/runtime-AWS/evidence", "/root/work/postk1-runs/laneA_r2/work/SUPERVISOR_RESTART/legacy-gen1-runtime/evidence"], "no_marker": [1, 2, 3, 5, 6, 7], "rejected": [], "scanned": 2, "skipped_already_committed": []}}, "final": [0, 1, 2, 3, 4, 5, 6, 7], "torn": {"1": 1, "2": 1, "3": 1, "5": 1, "6": 1, "7": 1}}
========================================================================
CRASH_PRESTART_RECONCILE: PASS
    PASS  a_durable_marker_was_unsealed_at_crash
    PASS  crash_recovery_finalized_it
    PASS  unsealed_until_prestart
    PASS  never_torn_for_recovered_cells
    PASS  restart_completes_all
    PASS  no_duplicate_seal
    PASS  final_lock_free_no_reservations
    PASS  decoy_legacy_root_untouched
    PASS  markers_under_generation_evidence_root
    detail: {"sealed_before": [0, 4], "pending_markers": [1, 5], "after_crash": [0, 4], "recon": {"finalized": [1, 5], "marker_roots": ["/root/work/postk1-runs/laneA_r2/work/CRASH_PRESTART_RECONCILE/runtime-AWS/evidence", "/root/work/postk1-runs/laneA_r2/work/CRASH_PRESTART_RECONCILE/legacy-gen1-runtime/evidence"], "no_marker": [2, 3, 6, 7], "rejected": [], "scanned": 4, "skipped_already_committed": []}, "final": [0, 1, 2, 3, 4, 5, 6, 7], "torn": {"2": 1, "3": 1, "6": 1, "7": 1}}
========================================================================
CRASH_STOPPOST_RECONCILE: PASS
    PASS  a_durable_marker_was_unsealed_at_crash
    PASS  crash_recovery_finalized_it
    PASS  finalized_by_stop_post_before_restart
    PASS  never_torn_for_recovered_cells
    PASS  restart_completes_all
    PASS  no_duplicate_seal
    PASS  final_lock_free_no_reservations
    PASS  decoy_legacy_root_untouched
    PASS  markers_under_generation_evidence_root
    detail: {"sealed_before": [0, 1, 4, 5], "pending_markers": [2, 6], "after_crash": [0, 1, 2, 4, 5, 6], "recon": {"finalized": [2, 6], "marker_roots": ["/root/work/postk1-runs/laneA_r2/work/CRASH_STOPPOST_RECONCILE/runtime-AWS/evidence", "/root/work/postk1-runs/laneA_r2/work/CRASH_STOPPOST_RECONCILE/legacy-gen1-runtime/evidence"], "no_marker": [3, 7], "rejected": [], "scanned": 6, "skipped_already_committed": []}, "final": [0, 1, 2, 3, 4, 5, 6, 7], "torn": {"3": 1, "7": 1}}
========================================================================
CHECKPOINT_EXPORT_RESUME: PASS
    PASS  checkpoint_created
    PASS  domain_partition_369
    PASS  checkpoint_evidence_root_is_generation_root
    PASS  export_source_is_generation_root
    PASS  bundle_verifies_in_clean_dir
    PASS  schedules_only_pending
    PASS  never_reschedules_finalized
    PASS  corrupt_checkpoint_refused
    PASS  tampered_evidence_refused
    PASS  historical_cpu_reset_refused
    PASS  decoy_legacy_root_untouched
    PASS  markers_under_generation_evidence_root
    detail: {"finalized": [0, 1, 2, 3], "checkpoint": "69c5bfb77d7f9c6eeb625512a2bf91308fb7cd2b9d527b79faf2e090281a1d09", "tar_sha256": "036375fd109c6044f33620d8e4d7327f78e5b41add1f81f5810bb82ed5cb6786", "resume": "VERIFIED_READY"}
========================================================================
NEGATIVE_CONTROL_DRAIN (unrepaired gen2 ops): PASS
    PASS  DEFECT_prodctl_drain_not_honoured
    PASS  DEFECT_launcher_wrote_into_authorization_bound_root
    PASS  DEFECT_generation_evidence_root_empty
    detail: {"before": [0, 1, 4, 5], "flag": "/root/work/postk1-runs/laneA_r2/work/NEG_DRAIN/runtime-AWS/work/DRAIN", "decoy_sample": ["evidence/20260913T053116Z-91342/g0000/cell_done_0000.json", "evidence/20260913T053116Z-91342/g0000/cell_done_0001.json", "evidence/20260913T053116Z-91342/g0000/cell_done_0002.json", "evidence/20260913T053116Z-91342/g0000/cell_done_0003.json"]}
========================================================================
NEGATIVE_CONTROL_SIGKILL (unrepaired gen2 ops): PASS
    PASS  launcher_sigkilled
    PASS  DEFECT_durable_marker_for_cell1_exists_in_legacy_root
    PASS  DEFECT_cell1_not_reconciled_torn_instead
    detail: {"after": [0], "decoy_markers": [0, 1], "torn": {"1": 1, "2": 1, "3": 1}, "recon": null}
========================================================================
LIVE ACCEPTANCE: drain=PASS  sigterm=PASS  sigkill_after=PASS  sigkill_before=PASS  worker_loss=PASS  supervisor_restart=PASS  crash_prestart=PASS  crash_stoppost=PASS  checkpoint=PASS  neg_drain=PASS  neg_sigkill=PASS
